[HUMAN] alumno 60741079, anghelo alexander pintado valverde, apoderado 40827747, y si ese es mi telefono...
[AI] ## 🎉 ¡Inscripción Registrada con Éxito!

**Alumno:** Anghelo Alexander Pintado Valverde
**Ciclo:** Intensivo 5to Secundaria (G-SEC5-2026-B)
**Monto:** S/ 750
**Estado:** Registrado

---
📌 **Importante...
[HUMAN] anghelopintadovalverde@gmail.com...
[AI] Llamó a herramientas: verificar_pago_por_email
[TOOL] {"status": "paid", "amount": 750.0, "currency": "pen"}...
[AI] Llamó a herramientas: obtener_alumno_por_id, consultar_ciclo_por_codigo
[TOOL] {"id": "8e77e92d-4ac6-415f-bf69-241fb23e7291", "dni_alumno": "60741079", "nombres": "ANGHELO ALEXANDER", "apellidos": "PINTADO VALVERDE", "grado": "5to_secundaria", "apoderado_nombre": "JORGE VALENTIN...
[TOOL] {"codigo": "G-SEC5-2026-B", "nombre": "Preparación 5to Secundaria - Intensivo", "grado": "5to_secundaria", "precio_soles": 750, "horario": "Lunes a Viernes 3:00pm - 7:00pm", "fecha_inicio": "2026-08-0...
[AI] Llamó a herramientas: generar_constancia, actualizar_estado_alumno, obtener_url_horario
[TOOL] {"archivo_local": "/tmp\\TESLA-2026-8E77E92D.pdf", "url_publica": "https://hgllndgayvhmtvxyufih.supabase.co/storage/v1/object/public/documents/constancias/TESLA-2026-8E77E92D.pdf", "constancia_numero"...
[TOOL] {"id": "8e77e92d-4ac6-415f-bf69-241fb23e7291", "dni_alumno": "60741079", "nombres": "ANGHELO ALEXANDER", "apellidos": "PINTADO VALVERDE", "grado": "5to_secundaria", "apoderado_nombre": "JORGE VALENTIN...
[TOOL] https://hgllndgayvhmtvxyufih.supabase.co/storage/v1/object/public/documents/horarios/G-SEC5-2026-B.pdf...
[AI] Llamó a herramientas: enviar_documento, enviar_documento
[TOOL] {"enviado": true}...
[TOOL] {"enviado": true}...
[AI] ## ✅ ¡Matrícula Confirmada!

**Alumno:** Anghelo Alexander Pintado Valverde
**Ciclo:** Preparación 5to Secundaria - Intensivo (G-SEC5-2026-B)
**Pago:** S/ 750.00 ✔️ confirmado
**Constancia N°:** `TESL...
